// Jest Snapshot v1, https://goo.gl/fbAQLP

exports[`Combined Tests Nested rules Combined {source: ltr} 1`] = `
".test1 {
    color: red;
    .test2 {
        padding: 5px;
        width: 100%;
    }
}

[dir=\\"ltr\\"] .test1 {
    left: 10px;
    .test2 {
        text-align: left;
    }
}

[dir=\\"rtl\\"] .test1 {
    right: 10px;
    .test2 {
        text-align: right;
    }
}

.test3 {
    &.test4 {
        color: black;
    }
    &.test5 {
        padding: 5px
    }
}

[dir=\\"ltr\\"] .test3 {
    left: 10px;
    &.test4 {
        margin-left: 20px;
    }
    &.test5 {
        span {
            text-align: left;
        }
    }
}

[dir=\\"rtl\\"] .test3 {
    right: 10px;
    &.test4 {
        margin-right: 20px;
    }
    &.test5 {
        span {
            text-align: right;
        }
    }
}

.test6 {
    display: flex;
    .global & {
        color: white;
        div {
            margin: 0 auto;
        }
    }
    .test7 {
        .global & {
            background-color: #FFF;
            ::after {
                content: \\"\\";
                display: block;
            }
        }
    }
}

[dir=\\"ltr\\"] .test6 {
    .global & {
        padding: 5px 10px 5px 5px;
        border-left-color: #666;
        div {
            padding-left: 20px;
        }
    }
    .test7 {
        .global & {
            ::after {
                text-align: left;
            }
        }
    }
}

[dir=\\"rtl\\"] .test6 {
    .global & {
        padding: 5px 5px 5px 10px;
        border-right-color: #666;
        div {
            padding-right: 20px;
        }
    }
    .test7 {
        .global & {
            ::after {
                text-align: right;
            }
        }
    }
}"
`;

exports[`Combined Tests Nested rules Combined {source: rtl} 1`] = `
".test1 {
    color: red;
    .test2 {
        padding: 5px;
        width: 100%;
    }
}

[dir=\\"rtl\\"] .test1 {
    left: 10px;
    .test2 {
        text-align: left;
    }
}

[dir=\\"ltr\\"] .test1 {
    right: 10px;
    .test2 {
        text-align: right;
    }
}

.test3 {
    &.test4 {
        color: black;
    }
    &.test5 {
        padding: 5px
    }
}

[dir=\\"rtl\\"] .test3 {
    left: 10px;
    &.test4 {
        margin-left: 20px;
    }
    &.test5 {
        span {
            text-align: left;
        }
    }
}

[dir=\\"ltr\\"] .test3 {
    right: 10px;
    &.test4 {
        margin-right: 20px;
    }
    &.test5 {
        span {
            text-align: right;
        }
    }
}

.test6 {
    display: flex;
    .global & {
        color: white;
        div {
            margin: 0 auto;
        }
    }
    .test7 {
        .global & {
            background-color: #FFF;
            ::after {
                content: \\"\\";
                display: block;
            }
        }
    }
}

[dir=\\"rtl\\"] .test6 {
    .global & {
        padding: 5px 10px 5px 5px;
        border-left-color: #666;
        div {
            padding-left: 20px;
        }
    }
    .test7 {
        .global & {
            ::after {
                text-align: left;
            }
        }
    }
}

[dir=\\"ltr\\"] .test6 {
    .global & {
        padding: 5px 5px 5px 10px;
        border-right-color: #666;
        div {
            padding-right: 20px;
        }
    }
    .test7 {
        .global & {
            ::after {
                text-align: right;
            }
        }
    }
}"
`;
