// Jest Snapshot v1, https://goo.gl/fbAQLP

exports[`[[Mode: combined]] Prefixed Tests:  Custom prefixes 1`] = `
".test {
    color: red;
}

.rtl .test {
    left: 10px;
}

.ltr .test {
    right: 10px;
}

.ltr .rtlignore .test2 {
    padding: 2px 4px 8px 16px;
}

.rtl .rtlignore .test2 {
    padding: 2px 16px 8px 4px;
}

.ltr .ltrignore .test2 {
    margin: 2px 4px 8px 16px;
}

.rtl .ltrignore .test2 {
    margin: 2px 16px 8px 4px;
}

.ltr [dir=\\"ltr\\"] .test3 {
    text-align: left;
}

.rtl [dir=\\"ltr\\"] .test3 {
    text-align: right;
}

.ltr [dir=\\"rtl\\"] .test3 {
    text-align: right;
}

.rtl [dir=\\"rtl\\"] .test3 {
    text-align: left;
}

.ltr .test4 {
    color: #EFEFEF;
    left: 10px;
    width: 100%;    
}

.rtl [dir=\\"rtl\\"] .test5 {
    transform: translate(10px, 20px);
}

.rtl .test6 {
    left: 5px;
}

.ltr .test7-ltr {
    background-image: url(\\"/icons/icon-left.png\\");
}

.rtl .test7-rtl {
    background-image: url(\\"/icons/icon-right.png\\");
}

.ltr [dir=\\"ltr\\"] .test8-ltr {
    background-image: url(\\"/icons/icon-ltr.png\\");
}

.rtl [dir=\\"ltr\\"] .test8-ltr {
    background-image: url(\\"/icons/icon-rtl.png\\");
}

.ltr [dir=\\"rtl\\"] .test8-rtl {
    background-image: url(\\"/icons/icon-rtl.png\\");
}

.rtl [dir=\\"rtl\\"] .test8-rtl {
    background-image: url(\\"/icons/icon-ltr.png\\");
}"
`;

exports[`[[Mode: combined]] Prefixed Tests:  Prefixed default 1`] = `
".test {
    color: red;
}

[dir=\\"ltr\\"] .rtl .test {
    left: 10px;
}

[dir=\\"rtl\\"] .rtl .test {
    right: 10px;
}

[dir=\\"ltr\\"] .ltr .test {
    right: 10px;
}

[dir=\\"rtl\\"] .ltr .test {
    left: 10px;
}

[dir=\\"ltr\\"] .rtlignore .test2 {
    padding: 2px 4px 8px 16px;
}

[dir=\\"rtl\\"] .rtlignore .test2 {
    padding: 2px 16px 8px 4px;
}

[dir=\\"ltr\\"] .ltrignore .test2 {
    margin: 2px 4px 8px 16px;
}

[dir=\\"rtl\\"] .ltrignore .test2 {
    margin: 2px 16px 8px 4px;
}

[dir=\\"ltr\\"] .test3 {
    text-align: left;
}

[dir=\\"rtl\\"] .test3 {
    text-align: right;
}

[dir=\\"rtl\\"] .ltr .test4 {
    color: #EFEFEF;
    left: 10px;
    width: 100%;    
}

[dir=\\"rtl\\"] .test5 {
    transform: translate(10px, 20px);
}

[dir=\\"rtl\\"] .test6 {
    left: 5px;
}

[dir=\\"ltr\\"] .ltr .test7-ltr {
    background-image: url(\\"/icons/icon-left.png\\");
}

[dir=\\"rtl\\"] .ltr .test7-ltr {
    background-image: url(\\"/icons/icon-right.png\\");
}

[dir=\\"ltr\\"] .rtl .test7-rtl {
    background-image: url(\\"/icons/icon-right.png\\");
}

[dir=\\"rtl\\"] .rtl .test7-rtl {
    background-image: url(\\"/icons/icon-left.png\\");
}

[dir=\\"ltr\\"] .test8-ltr {
    background-image: url(\\"/icons/icon-ltr.png\\");
}

[dir=\\"rtl\\"] .test8-rtl {
    background-image: url(\\"/icons/icon-rtl.png\\");
}"
`;

exports[`[[Mode: combined]] Prefixed Tests:  Prefixed with array 1`] = `
".test {
    color: red;
}

.rtl .test {
    left: 10px;
}

.ltr .test {
    right: 10px;
}

.ltr .rtlignore .test2, [dir=\\"ltr\\"] .rtlignore .test2 {
    padding: 2px 4px 8px 16px;
}

.rtl .rtlignore .test2, [dir=\\"rtl\\"] .rtlignore .test2 {
    padding: 2px 16px 8px 4px;
}

.ltr .ltrignore .test2, [dir=\\"ltr\\"] .ltrignore .test2 {
    margin: 2px 4px 8px 16px;
}

.rtl .ltrignore .test2, [dir=\\"rtl\\"] .ltrignore .test2 {
    margin: 2px 16px 8px 4px;
}

[dir=\\"ltr\\"] .test3 {
    text-align: left;
}

[dir=\\"rtl\\"] .test3 {
    text-align: right;
}

.ltr .test4 {
    color: #EFEFEF;
    left: 10px;
    width: 100%;    
}

[dir=\\"rtl\\"] .test5 {
    transform: translate(10px, 20px);
}

.rtl .test6, [dir=\\"rtl\\"] .test6 {
    left: 5px;
}

.ltr .test7-ltr {
    background-image: url(\\"/icons/icon-left.png\\");
}

.rtl .test7-rtl {
    background-image: url(\\"/icons/icon-right.png\\");
}

[dir=\\"ltr\\"] .test8-ltr {
    background-image: url(\\"/icons/icon-ltr.png\\");
}

[dir=\\"rtl\\"] .test8-rtl {
    background-image: url(\\"/icons/icon-rtl.png\\");
}"
`;

exports[`[[Mode: combined]] Prefixed Tests:  ignorePrefixedRules false 1`] = `
".test {
    color: red;
}

[dir=\\"ltr\\"] .rtl .test {
    left: 10px;
}

[dir=\\"rtl\\"] .rtl .test {
    right: 10px;
}

[dir=\\"ltr\\"] .ltr .test {
    right: 10px;
}

[dir=\\"rtl\\"] .ltr .test {
    left: 10px;
}

[dir=\\"ltr\\"] .rtlignore .test2 {
    padding: 2px 4px 8px 16px;
}

[dir=\\"rtl\\"] .rtlignore .test2 {
    padding: 2px 16px 8px 4px;
}

[dir=\\"ltr\\"] .ltrignore .test2 {
    margin: 2px 4px 8px 16px;
}

[dir=\\"rtl\\"] .ltrignore .test2 {
    margin: 2px 16px 8px 4px;
}

[dir=\\"ltr\\"] [dir=\\"ltr\\"] .test3 {
    text-align: left;
}

[dir=\\"rtl\\"] [dir=\\"ltr\\"] .test3 {
    text-align: right;
}

[dir=\\"ltr\\"] [dir=\\"rtl\\"] .test3 {
    text-align: right;
}

[dir=\\"rtl\\"] [dir=\\"rtl\\"] .test3 {
    text-align: left;
}

[dir=\\"rtl\\"] .ltr .test4 {
    color: #EFEFEF;
    left: 10px;
    width: 100%;    
}

[dir=\\"rtl\\"] [dir=\\"rtl\\"] .test5 {
    transform: translate(10px, 20px);
}

[dir=\\"rtl\\"] .test6 {
    left: 5px;
}

[dir=\\"ltr\\"] .ltr .test7-ltr {
    background-image: url(\\"/icons/icon-left.png\\");
}

[dir=\\"rtl\\"] .ltr .test7-ltr {
    background-image: url(\\"/icons/icon-right.png\\");
}

[dir=\\"ltr\\"] .rtl .test7-rtl {
    background-image: url(\\"/icons/icon-right.png\\");
}

[dir=\\"rtl\\"] .rtl .test7-rtl {
    background-image: url(\\"/icons/icon-left.png\\");
}

[dir=\\"ltr\\"] [dir=\\"ltr\\"] .test8-ltr {
    background-image: url(\\"/icons/icon-ltr.png\\");
}

[dir=\\"rtl\\"] [dir=\\"ltr\\"] .test8-ltr {
    background-image: url(\\"/icons/icon-rtl.png\\");
}

[dir=\\"ltr\\"] [dir=\\"rtl\\"] .test8-rtl {
    background-image: url(\\"/icons/icon-rtl.png\\");
}

[dir=\\"rtl\\"] [dir=\\"rtl\\"] .test8-rtl {
    background-image: url(\\"/icons/icon-ltr.png\\");
}"
`;

exports[`[[Mode: diff]] Prefixed Tests:  Custom prefixes 1`] = `
"

.rtlignore .test2 {
    padding: 2px 16px 8px 4px;
}

.ltrignore .test2 {
    margin: 2px 16px 8px 4px;
}

[dir=\\"ltr\\"] .test3 {
    text-align: right;
}

[dir=\\"rtl\\"] .test3 {
    text-align: left;
}

.ltr .test4 {
    color: #EFEFEF;
    left: 10px;
    width: 100%;    
}

[dir=\\"rtl\\"] .test5 {
    transform: translate(10px, 20px);
}

.test6 {
    left: 5px;
}

[dir=\\"ltr\\"] .test8-ltr {
    background-image: url(\\"/icons/icon-rtl.png\\");
}

[dir=\\"rtl\\"] .test8-rtl {
    background-image: url(\\"/icons/icon-ltr.png\\");
}"
`;

exports[`[[Mode: diff]] Prefixed Tests:  Prefixed default 1`] = `
"

.rtl .test {
    left: auto;
    right: 10px;
}

.ltr .test {
    right: auto;
    left: 10px;
}

.rtlignore .test2 {
    padding: 2px 16px 8px 4px;
}

.ltrignore .test2 {
    margin: 2px 16px 8px 4px;
}

.ltr .test4 {
    color: #EFEFEF;
    left: 10px;
    width: 100%;    
}

[dir=\\"rtl\\"] .test5 {
    transform: translate(10px, 20px);
}

.test6 {
    left: 5px;
}

.ltr .test7-ltr {
    background-image: url(\\"/icons/icon-right.png\\");
}

.rtl .test7-rtl {
    background-image: url(\\"/icons/icon-left.png\\");
}"
`;

exports[`[[Mode: diff]] Prefixed Tests:  Prefixed with array 1`] = `
"

.rtlignore .test2 {
    padding: 2px 16px 8px 4px;
}

.ltrignore .test2 {
    margin: 2px 16px 8px 4px;
}

.ltr .test4 {
    color: #EFEFEF;
    left: 10px;
    width: 100%;    
}

[dir=\\"rtl\\"] .test5 {
    transform: translate(10px, 20px);
}

.test6 {
    left: 5px;
}"
`;

exports[`[[Mode: diff]] Prefixed Tests:  ignorePrefixedRules false 1`] = `
"

.rtl .test {
    left: auto;
    right: 10px;
}

.ltr .test {
    right: auto;
    left: 10px;
}

.rtlignore .test2 {
    padding: 2px 16px 8px 4px;
}

.ltrignore .test2 {
    margin: 2px 16px 8px 4px;
}

[dir=\\"ltr\\"] .test3 {
    text-align: right;
}

[dir=\\"rtl\\"] .test3 {
    text-align: left;
}

.ltr .test4 {
    color: #EFEFEF;
    left: 10px;
    width: 100%;    
}

[dir=\\"rtl\\"] .test5 {
    transform: translate(10px, 20px);
}

.test6 {
    left: 5px;
}

.ltr .test7-ltr {
    background-image: url(\\"/icons/icon-right.png\\");
}

.rtl .test7-rtl {
    background-image: url(\\"/icons/icon-left.png\\");
}

[dir=\\"ltr\\"] .test8-ltr {
    background-image: url(\\"/icons/icon-rtl.png\\");
}

[dir=\\"rtl\\"] .test8-rtl {
    background-image: url(\\"/icons/icon-ltr.png\\");
}"
`;

exports[`[[Mode: override]] Prefixed Tests:  Custom prefixes 1`] = `
".test {
    color: red;
}

.rtl .test {
    left: 10px;
}

.ltr .test {
    right: 10px;
}

.rtlignore .test2 {
    padding: 2px 4px 8px 16px;
}

.rtl .rtlignore .test2 {
    padding: 2px 16px 8px 4px;
}

.ltrignore .test2 {
    margin: 2px 4px 8px 16px;
}

.rtl .ltrignore .test2 {
    margin: 2px 16px 8px 4px;
}

[dir=\\"ltr\\"] .test3 {
    text-align: left;
}

.rtl [dir=\\"ltr\\"] .test3 {
    text-align: right;
}

[dir=\\"rtl\\"] .test3 {
    text-align: right;
}

.rtl [dir=\\"rtl\\"] .test3 {
    text-align: left;
}

.ltr .test4 {
    color: #EFEFEF;
    left: 10px;
    width: 100%;    
}

.rtl [dir=\\"rtl\\"] .test5 {
    transform: translate(10px, 20px);
}

.rtl .test6 {
    left: 5px;
}

.ltr .test7-ltr {
    background-image: url(\\"/icons/icon-left.png\\");
}

.rtl .test7-rtl {
    background-image: url(\\"/icons/icon-right.png\\");
}

[dir=\\"rtl\\"] .test8-rtl {
    background-image: url(\\"/icons/icon-ltr.png\\");
}

.rtl [dir=\\"ltr\\"] .test8-ltr {
    background-image: url(\\"/icons/icon-rtl.png\\");
}

[dir=\\"ltr\\"] .test8-ltr {
    background-image: url(\\"/icons/icon-rtl.png\\");
}

.rtl [dir=\\"rtl\\"] .test8-rtl {
    background-image: url(\\"/icons/icon-ltr.png\\");
}"
`;

exports[`[[Mode: override]] Prefixed Tests:  Prefixed default 1`] = `
".test {
    color: red;
}

.rtl .test {
    left: 10px;
}

[dir=\\"rtl\\"] .rtl .test {
    left: auto;
    right: 10px;
}

.ltr .test {
    right: 10px;
}

[dir=\\"rtl\\"] .ltr .test {
    right: auto;
    left: 10px;
}

.rtlignore .test2 {
    padding: 2px 4px 8px 16px;
}

[dir=\\"rtl\\"] .rtlignore .test2 {
    padding: 2px 16px 8px 4px;
}

.ltrignore .test2 {
    margin: 2px 4px 8px 16px;
}

[dir=\\"rtl\\"] .ltrignore .test2 {
    margin: 2px 16px 8px 4px;
}

[dir=\\"ltr\\"] .test3 {
    text-align: left;
}

[dir=\\"rtl\\"] .test3 {
    text-align: right;
}

[dir=\\"rtl\\"] .ltr .test4 {
    color: #EFEFEF;
    left: 10px;
    width: 100%;    
}

[dir=\\"rtl\\"] .test5 {
    transform: translate(10px, 20px);
}

[dir=\\"rtl\\"] .test6 {
    left: 5px;
}

.rtl .test7-rtl {
    background-image: url(\\"/icons/icon-left.png\\");
}

[dir=\\"rtl\\"] .ltr .test7-ltr {
    background-image: url(\\"/icons/icon-right.png\\");
}

.ltr .test7-ltr {
    background-image: url(\\"/icons/icon-right.png\\");
}

[dir=\\"rtl\\"] .rtl .test7-rtl {
    background-image: url(\\"/icons/icon-left.png\\");
}

[dir=\\"ltr\\"] .test8-ltr {
    background-image: url(\\"/icons/icon-ltr.png\\");
}

[dir=\\"rtl\\"] .test8-rtl {
    background-image: url(\\"/icons/icon-rtl.png\\");
}"
`;

exports[`[[Mode: override]] Prefixed Tests:  Prefixed with array 1`] = `
".test {
    color: red;
}

.rtl .test {
    left: 10px;
}

.ltr .test {
    right: 10px;
}

.rtlignore .test2 {
    padding: 2px 4px 8px 16px;
}

.rtl .rtlignore .test2, [dir=\\"rtl\\"] .rtlignore .test2 {
    padding: 2px 16px 8px 4px;
}

.ltrignore .test2 {
    margin: 2px 4px 8px 16px;
}

.rtl .ltrignore .test2, [dir=\\"rtl\\"] .ltrignore .test2 {
    margin: 2px 16px 8px 4px;
}

[dir=\\"ltr\\"] .test3 {
    text-align: left;
}

[dir=\\"rtl\\"] .test3 {
    text-align: right;
}

.ltr .test4 {
    color: #EFEFEF;
    left: 10px;
    width: 100%;    
}

[dir=\\"rtl\\"] .test5 {
    transform: translate(10px, 20px);
}

.rtl .test6, [dir=\\"rtl\\"] .test6 {
    left: 5px;
}

.ltr .test7-ltr {
    background-image: url(\\"/icons/icon-left.png\\");
}

.rtl .test7-rtl {
    background-image: url(\\"/icons/icon-right.png\\");
}

[dir=\\"ltr\\"] .test8-ltr {
    background-image: url(\\"/icons/icon-ltr.png\\");
}

[dir=\\"rtl\\"] .test8-rtl {
    background-image: url(\\"/icons/icon-rtl.png\\");
}"
`;

exports[`[[Mode: override]] Prefixed Tests:  ignorePrefixedRules false 1`] = `
".test {
    color: red;
}

.rtl .test {
    left: 10px;
}

[dir=\\"rtl\\"] .rtl .test {
    left: auto;
    right: 10px;
}

.ltr .test {
    right: 10px;
}

[dir=\\"rtl\\"] .ltr .test {
    right: auto;
    left: 10px;
}

.rtlignore .test2 {
    padding: 2px 4px 8px 16px;
}

[dir=\\"rtl\\"] .rtlignore .test2 {
    padding: 2px 16px 8px 4px;
}

.ltrignore .test2 {
    margin: 2px 4px 8px 16px;
}

[dir=\\"rtl\\"] .ltrignore .test2 {
    margin: 2px 16px 8px 4px;
}

[dir=\\"ltr\\"] .test3 {
    text-align: left;
}

[dir=\\"rtl\\"] [dir=\\"ltr\\"] .test3 {
    text-align: right;
}

[dir=\\"rtl\\"] .test3 {
    text-align: right;
}

[dir=\\"rtl\\"] [dir=\\"rtl\\"] .test3 {
    text-align: left;
}

[dir=\\"rtl\\"] .ltr .test4 {
    color: #EFEFEF;
    left: 10px;
    width: 100%;    
}

[dir=\\"rtl\\"] [dir=\\"rtl\\"] .test5 {
    transform: translate(10px, 20px);
}

[dir=\\"rtl\\"] .test6 {
    left: 5px;
}

.rtl .test7-rtl {
    background-image: url(\\"/icons/icon-left.png\\");
}

[dir=\\"rtl\\"] .ltr .test7-ltr {
    background-image: url(\\"/icons/icon-right.png\\");
}

.ltr .test7-ltr {
    background-image: url(\\"/icons/icon-right.png\\");
}

[dir=\\"rtl\\"] .rtl .test7-rtl {
    background-image: url(\\"/icons/icon-left.png\\");
}

[dir=\\"rtl\\"] .test8-rtl {
    background-image: url(\\"/icons/icon-ltr.png\\");
}

[dir=\\"rtl\\"] [dir=\\"ltr\\"] .test8-ltr {
    background-image: url(\\"/icons/icon-rtl.png\\");
}

[dir=\\"ltr\\"] .test8-ltr {
    background-image: url(\\"/icons/icon-rtl.png\\");
}

[dir=\\"rtl\\"] [dir=\\"rtl\\"] .test8-rtl {
    background-image: url(\\"/icons/icon-ltr.png\\");
}"
`;
